(.venv) tusrivastav@F7DJN90X60 zephyr % west build -b qemu_cortex_m3 app -p
-- west build: making build dir /Users/tusrivastav/Documents/zephyr/zephyr/build pristine
-- west build: generating a build system
Loading Zephyr default modules (Zephyr base).
-- Application: /Users/tusrivastav/Documents/zephyr/zephyr/app
-- CMake version: 3.31.10
-- Found Python3: /Users/tusrivastav/Documents/zephyr/zephyrproject/.venv/bin/python3.14 (found suitable version "3.14.6", minimum required is "3.10") found components: Interpreter
-- Cache files will be written to: /Users/tusrivastav/Library/Caches/zephyr
-- Zephyr version: 4.2.0 (/Users/tusrivastav/Documents/zephyr/deps/zephyr)
-- Found west (found suitable version "1.5.0", minimum required is "0.14.0")
-- Board: qemu_cortex_m3, qualifiers: ti_lm3s6965
-- ZEPHYR_TOOLCHAIN_VARIANT not set, trying to locate Zephyr SDK
-- Found host-tools: zephyr 0.17.2 (/Users/tusrivastav/zephyr-sdk-0.17.2)
-- Found toolchain: zephyr 0.17.2 (/Users/tusrivastav/zephyr-sdk-0.17.2)
-- Found Dtc: /opt/homebrew/bin/dtc (found suitable version "1.8.1", minimum required is "1.4.6")
-- Found BOARD.dts: /Users/tusrivastav/Documents/zephyr/deps/zephyr/boards/qemu/cortex_m3/qemu_cortex_m3.dts
-- Found devicetree overlay: /Users/tusrivastav/Documents/zephyr/zephyr/app/boards/qemu_cortex_m3.overlay
node '/our_driver' compatible 'our,driver' has unknown vendor prefix 'our'
-- Generated zephyr.dts: /Users/tusrivastav/Documents/zephyr/zephyr/build/zephyr/zephyr.dts
-- Generated pickled edt: /Users/tusrivastav/Documents/zephyr/zephyr/build/zephyr/edt.pickle
-- Generated devicetree_generated.h: /Users/tusrivastav/Documents/zephyr/zephyr/build/zephyr/include/generated/zephyr/devicetree_generated.h

warning: QEMU_ICOUNT_SHIFT (defined at boards/Kconfig:74) was assigned the value '6' but got the
value ''. Check these unsatisfied dependencies: QEMU_ICOUNT (=n). See
http://docs.zephyrproject.org/latest/kconfig.html#CONFIG_QEMU_ICOUNT_SHIFT and/or look up
QEMU_ICOUNT_SHIFT in the menuconfig/guiconfig interface. The Application Development Primer, Setting
Configuration Values, and Kconfig - Tips and Best Practices sections of the manual might be helpful
too.

Parsing /Users/tusrivastav/Documents/zephyr/zephyr/app/Kconfig
Loaded configuration '/Users/tusrivastav/Documents/zephyr/deps/zephyr/boards/qemu/cortex_m3/qemu_cortex_m3_defconfig'
Merged configuration '/Users/tusrivastav/Documents/zephyr/zephyr/app/prj.conf'
Configuration saved to '/Users/tusrivastav/Documents/zephyr/zephyr/build/zephyr/.config'
Kconfig header saved to '/Users/tusrivastav/Documents/zephyr/zephyr/build/zephyr/include/generated/zephyr/autoconf.h'
-- Found GnuLd: /Users/tusrivastav/zephyr-sdk-0.17.2/arm-zephyr-eabi/arm-zephyr-eabi/bin/ld.bfd (found version "2.38")
-- The C compiler identification is GNU 12.2.0
-- The CXX compiler identification is GNU 12.2.0
-- The ASM compiler identification is GNU
-- Found assembler: /Users/tusrivastav/zephyr-sdk-0.17.2/arm-zephyr-eabi/bin/arm-zephyr-eabi-gcc
-- Found gen_kobject_list: /Users/tusrivastav/Documents/zephyr/deps/zephyr/scripts/build/gen_kobject_list.py
-- Configuring done (29.9s)
-- Generating done (0.3s)
-- Build files have been written to: /Users/tusrivastav/Documents/zephyr/zephyr/build
-- west build: building application
[1/161] Preparing syscall dependency handling

[3/161] Generating include/generated/zephyr/version.h
-- Zephyr version: 4.2.0 (/Users/tusrivastav/Documents/zephyr/deps/zephyr), build: v4.2.0
[161/161] Linking CXX executable zephyr/zephyr.elf
Memory region         Used Size  Region Size  %age Used
           FLASH:       56584 B       256 KB     21.59%
             RAM:       12616 B        64 KB     19.25%
        IDT_LIST:          0 GB        32 KB      0.00%
Generating files from /Users/tusrivastav/Documents/zephyr/zephyr/build/zephyr/zephyr.elf for board: qemu_cortex_m3
(.venv) tusrivastav@F7DJN90X60 zephyr % west build -t run                  
-- west build: running target run
[0/1] To exit from QEMU enter: 'CTRL+a, x'[QEMU] CPU: cortex-m3
qemu-system-arm: warning: nic stellaris_enet.0 has no peer

[00:00:00.000,000] <inf> our_driver: Driver is Initialized!!!!!

*** Booting Zephyr OS build v4.2.0 ***
uart:~$ sensorroot help
sensorroot - Sensor Shell commands
Subcommands:
  fetch   : Fetch command 
  read    : Read command 
  info    : Info command 
  update  : Update command 
uart:~$ sensorroot update
update: wrong parameter count
update - Update command 
uart:~$ sensorroot update 888888
update: wrong parameter count
update - Update command 
uart:~$ sensorroot update our_driver 888
Value beyond supported range (0-100) 888
uart:~$ sensorroot update our_driver abcd
'abcd' is not a number
uart:~$ sensorroot update our_driver 88
counter set to 88
uart:~$ 
